(u'the ongoing burmese military offensive against civilian in Northern Karen state ,eastern Burma\nAuthor: burmaissuesvideos\nKeywords: grassroots outreach\nAdded: April 2, 2008', [(103, 120, u'http://youtube.com/profile?user=burmaissuesvideos'), (131, 141, u'/results?search_query=grassroots'), (142, 150, u'/results?search_query=outreach')])
