(u'On the front lines of an intergalactic struggle between good and evil, fans young and old will join such favorite characters as Anakin Skywalker, Obi-Wan Kenobi and Padm\xe9 Amidala, along with brand-new heroes like Anakin\'s padawan learner, Ahsoka. Sinister villains - led by Palpatine, Count Dooku and General Grievous - are poised to rule the galaxy. Stakes are high, and the fate of the "Star Wars" universe rests in the hands of the daring Jedi Knights. Their exploits lead to the action-packed battles and astonishing new revelations that fill "Star Wars: The Clone Wars."\nProduced by Lucasfilm Animation, "Star Wars: The Clone Wars" takes audiences on incredible new "Star Wars" adventures, combining the legendary storytelling of Lucasfilm with an eye-popping, signature animation style.\nDirector: David Filoni\nScreenwriter: Henry Gilroy', [])
